/Users/soul/Documents/java/starter-workspace/exception-dispose-spring-boot-starter/src/main/java/cn/com/creavalue/exception/dispose/configuration/ResponseAutoConfiguration.java
/Users/soul/Documents/java/starter-workspace/exception-dispose-spring-boot-starter/src/main/java/cn/com/creavalue/exception/dispose/annotation/IgnoreResponseDispose.java
/Users/soul/Documents/java/starter-workspace/exception-dispose-spring-boot-starter/src/main/java/cn/com/creavalue/exception/dispose/annotation/EnableResponseDispose.java
/Users/soul/Documents/java/starter-workspace/exception-dispose-spring-boot-starter/src/main/java/cn/com/creavalue/exception/dispose/annotation/EnableExceptionDispose.java
/Users/soul/Documents/java/starter-workspace/exception-dispose-spring-boot-starter/src/main/java/cn/com/creavalue/exception/dispose/handler/ResponseDisposeAdvice.java
/Users/soul/Documents/java/starter-workspace/exception-dispose-spring-boot-starter/src/main/java/cn/com/creavalue/exception/dispose/ExceptionDisposeProperties.java
/Users/soul/Documents/java/starter-workspace/exception-dispose-spring-boot-starter/src/main/java/cn/com/creavalue/exception/dispose/configuration/ExceptionDisposeAutoConfiguration.java
/Users/soul/Documents/java/starter-workspace/exception-dispose-spring-boot-starter/src/main/java/cn/com/creavalue/exception/dispose/core/Response.java
/Users/soul/Documents/java/starter-workspace/exception-dispose-spring-boot-starter/src/main/java/cn/com/creavalue/exception/dispose/handler/ExceptionDisposeAdvice.java
